=== a.txt vs b.txt: APPLY_OK
=== /tmp/ma.txt vs /tmp/mc.txt: APPLY_OK
=== /tmp/ma.txt vs /tmp/mb.txt: APPLY_OK
=== /tmp/me.txt vs /tmp/mx.txt: APPLY_OK
=== /tmp/mx.txt vs /tmp/me.txt: APPLY_OK
=== FIXTURE OUTPUT ===
@@ -1,5 +1,5 @@
-The old lighthouse kept a steady flame above the bay.
+The old lighthouse kept a flickering flame above the bay.
 Keepers climbed the spiral stair at every dusk.
-Gulls wheeled between the rocks and the lantern glass.
+Gulls circled between the rocks and the lantern glass.
 The beam swept the water and called ships home.
-No storm could silence its patient warning light.
+No squall could silence its patient warning light.
RC=1
=== DELETE LINE (vs GNU) ===
@@ -1,3 +1,3 @@
 l1
-l2
+l2 CHANGED
 l3
@@ -7,2 +7,2 @@
 l7
-l8
+l8 CHANGED
@@ -1,3 +1,3 @@
=== FUZZ 200 ===
FAIL trial 9 rc 1 expected 1 apply_ok False
A: []
B: ['eps alpha', 'zeta eta beta']
@@ -0,0 +1,2 @@
+eps alpha
+zeta eta beta

FAIL trial 27 rc 1 expected 1 apply_ok False
A: []
B: ['beta beta']
@@ -0,0 +1,1 @@
+beta beta

FAIL trial 49 rc 1 expected 1 apply_ok False
A: []
B: ['delta', 'beta beta', 'theta', 'delta', 'eta', 'delta delta alpha gamma', 'delta zeta zeta', 'delta delta', 'eps gamma', 'eta eps', 'alpha gamma eta', 'alpha zeta eta zeta', 'eta gamma eps eta']
@@ -0,0 +1,13 @@
+delta
+beta beta
+theta
+delta
+eta
+delta delta alpha gamma
+delta zeta zeta
+delta delta
+eps gamma
+eta eps
+alpha gamma eta
+alpha zeta eta zeta
+eta gamma eps eta

FUZZ_FAILS: 3
FAILURES
