=== FIXTURE ===
APPLY_OK
=== DELETE LINE ===
APPLY_OK
=== INSERT+CHANGE ===
APPLY_OK
=== DELETE+SUBST ===
APPLY_OK
=== MIDLINE INSERT ===
APPLY_OK
=== MULTI-HUNK ===
@@ -1,3 +1,3 @@
 l1
-l2
+l2 CHANGED
 l3
@@ -7,2 +7,2 @@
 l7
-l8
+l8 CHANGED
RC=1
Traceback (most recent call last):
  File "/tmp/check_hunk.py", line 29, in <module>
    got = apply(la, p.stdout)
  File "/tmp/check_hunk.py", line 9, in apply
    assert len([r for r in body if r[0] in " -"]) == lc, (lc, body)
           ^^^^^^^^^^^^^^^^^^^^^^^^^^^^^^^^^^^^^^^^^^^^
AssertionError: (3, [' l1', '-l2', '+l2 CHANGED', ' l3', '@@ -7,2 +7,2 @@', ' l7', '-l8', '+l8 CHANGED'])
