=== a.txt vs b.txt: APPLY_OK
=== /tmp/ma.txt vs /tmp/mc.txt: APPLY_FAIL
expected: ['l1', 'l2 CHANGED', 'l3', 'l4', 'l5', 'l6', 'l7', 'l8 CHANGED']
got     : ['l1', 'l2 CHANGED', 'l3', 'l7', 'l8 CHANGED']
=== /tmp/ma.txt vs /tmp/mb.txt: APPLY_OK
=== /tmp/me.txt vs /tmp/mx.txt: APPLY_OK
=== /tmp/mx.txt vs /tmp/me.txt: APPLY_OK
=== MULTI-HUNK ===
@@ -1,3 +1,3 @@
 l1
-l2
+l2 CHANGED
 l3
@@ -7,2 +7,2 @@
 l7
-l8
+l8 CHANGED
RC=1
APPLY_FAIL
expected: ['l1', 'l2 CHANGED', 'l3', 'l4', 'l5', 'l6', 'l7', 'l8 CHANGED']
got     : ['l1', 'l2 CHANGED', 'l3', 'l7', 'l8 CHANGED']
ROUNDTRIP_FAILURES
