=== FIXTURE ===
@@ -1,5 +1,5 @@
-The old lighthouse kept a steady flame above the bay.
+The old lighthouse kept a flickering flame above the bay.
 Keepers climbed the spiral stair at every dusk.
-Gulls wheeled between the rocks and the lantern glass.
+Gulls circled between the rocks and the lantern glass.
 The beam swept the water and called ships home.
-No storm could silence its patient warning light.
+No squall could silence its patient warning light.
RC=1
Traceback (most recent call last):
  File "/tmp/check_hunk.py", line 30, in <module>
    got = apply(la, p.stdout)
  File "/tmp/check_hunk.py", line 7, in apply
    lo, lc, no, nc = map(int, hdr[2:].rstrip("@").replace(" @@","").split())
    ^^^^^^^^^^^^^^
ValueError: invalid literal for int() with base 10: '-1,5'
=== IDENTICAL ===
RC=0
=== DELETE LINE ===
@@ -1,3 +1,2 @@
 alpha one
-beta two
 gamma three
RC=1
Traceback (most recent call last):
  File "/tmp/check_hunk.py", line 30, in <module>
    got = apply(la, p.stdout)
  File "/tmp/check_hunk.py", line 7, in apply
    lo, lc, no, nc = map(int, hdr[2:].rstrip("@").replace(" @@","").split())
    ^^^^^^^^^^^^^^
ValueError: invalid literal for int() with base 10: '-1,3'
=== INSERT+CHANGE ===
@@ -1,4 +1,5 @@
 alpha one
-beta two
+BETA two
 gamma three
+eta five
 delta four
RC=1
Traceback (most recent call last):
  File "/tmp/check_hunk.py", line 30, in <module>
    got = apply(la, p.stdout)
  File "/tmp/check_hunk.py", line 7, in apply
    lo, lc, no, nc = map(int, hdr[2:].rstrip("@").replace(" @@","").split())
    ^^^^^^^^^^^^^^
ValueError: invalid literal for int() with base 10: '-1,4'
=== DELETE+SUBST ===
@@ -1,3 +1,2 @@
 A x
-B
+C z
-C y
RC=1
Traceback (most recent call last):
  File "/tmp/check_hunk.py", line 30, in <module>
    got = apply(la, p.stdout)
  File "/tmp/check_hunk.py", line 7, in apply
    lo, lc, no, nc = map(int, hdr[2:].rstrip("@").replace(" @@","").split())
    ^^^^^^^^^^^^^^
ValueError: invalid literal for int() with base 10: '-1,3'
=== MIDLINE INSERT ===
@@ -1,1 +1,1 @@
-a b
+a c b
RC=1
Traceback (most recent call last):
  File "/tmp/check_hunk.py", line 30, in <module>
    got = apply(la, p.stdout)
  File "/tmp/check_hunk.py", line 7, in apply
    lo, lc, no, nc = map(int, hdr[2:].rstrip("@").replace(" @@","").split())
    ^^^^^^^^^^^^^^
ValueError: invalid literal for int() with base 10: '-1,1'
