=== FIXTURE RUN ===
@@ -1,5 +1,5 @@
-The old lighthouse kept a steady flame above the bay.
+The old lighthouse kept a flickering flame above the bay.
 Keepers climbed the spiral stair at every dusk.
-Gulls wheeled between the rocks and the lantern glass.
+Gulls circled between the rocks and the lantern glass.
 The beam swept the water and called ships home.
-No storm could silence its patient warning light.
+No squall could silence its patient warning light.
RC=1
=== IDENTICAL ===
RC=0
=== DELETE LINE (minidiff) ===
@@ -1,3 +1,3 @@
 alpha one
-beta two
+alpha one
 gamma three
RC=1
=== DELETE LINE (GNU -U1, for comparison) ===
--- /tmp/ma.txt	2026-09-19 16:23:52
+++ /tmp/mc.txt	2026-09-19 16:23:52
@@ -1,3 +1,2 @@
 alpha one
-beta two
 gamma three
=== INSERT+CHANGE ===
@@ -1,4 +1,5 @@
 alpha one
-beta two
+BETA two
 gamma three
+eta five
 delta four
RC=1
