app_builder_stub.rs
[1m[36mask_user_question[39;49m[0m
[1m[36mbash[39;49m[0m
deploy_app_stub.rs
[1m[36menter_plan_mode[39;49m[0m
[1m[36mexit_plan_mode[39;49m[0m
[1m[36mgrep[39;49m[0m
[1m[36mimage_edit[39;49m[0m
[1m[36mimage_gen[39;49m[0m
init_or_update_app_stub.rs
[1m[36mkill_task[39;49m[0m
[1m[36mlist_dir[39;49m[0m
[1m[36mlsp[39;49m[0m
mod.rs
[1m[36mmonitor[39;49m[0m
native_agents.rs
[1m[36mread_file[39;49m[0m
[1m[36mscheduler[39;49m[0m
[1m[36msearch_replace[39;49m[0m
send_feedback.rs
send_feedback_tests.rs
send_subagent_message.rs
send_subagent_message_tests.rs
storage.rs
[1m[36mtask[39;49m[0m
[1m[36mtask_output[39;49m[0m
[1m[36mtodo[39;49m[0m
[1m[36mupdate_goal[39;49m[0m
[1m[36mvideo_gen[39;49m[0m
[1m[36mweb_fetch[39;49m[0m
[1m[36mweb_search[39;49m[0m
[1m[36mworkflow[39;49m[0m
===
